AWS::ApiGateway::Stage
AWS::ApiGatewayV2::Stage
AWS::ApiGateway::RestApi
AWS::ApiGatewayV2::Api
AWS::Athena::WorkGroup
AWS::Athena::DataCatalog
AWS::CloudFront::Distribution
AWS::CloudFront::StreamingDistribution
AWS::CloudWatch::Alarm
AWS::Detective::Graph
AWS::DynamoDB::Table
AWS::EC2::Host
AWS::EC2::EIP
AWS::EC2::Instance
AWS::EC2::NetworkInterface
AWS::EC2::SecurityGroup
AWS::EC2::NatGateway
AWS::EC2::EgressOnlyInternetGateway
AWS::EC2::FlowLog
AWS::EC2::TransitGateway
AWS::EC2::TransitGatewayAttachment
AWS::EC2::TransitGatewayRouteTable
AWS::EC2::VPCEndpoint
AWS::EC2::VPCEndpointService
AWS::EC2::VPCPeeringConnection
AWS::EC2::RegisteredHAInstance
AWS::EC2::LaunchTemplate
AWS::EC2::Volume
AWS::ECR::Repository
AWS::ECR::PublicRepository
AWS::ECS::Cluster
AWS::ECS::TaskDefinition
AWS::ECS::Service
AWS::EFS::FileSystem
AWS::EFS::AccessPoint
AWS::EKS::Cluster
AWS::EKS::FargateProfile
AWS::EMR::SecurityConfiguration
AWS::GuardDuty::Detector
AWS::Elasticsearch::Domain
AWS::OpenSearch::Domain
AWS::QLDB::Ledger
AWS::Kinesis::Stream
AWS::Kinesis::StreamConsumer
AWS::MSK::Cluster
AWS::Redshift::Cluster
AWS::Redshift::ClusterParameterGroup
AWS::Redshift::ClusterSecurityGroup
AWS::Redshift::ClusterSnapshot
AWS::Redshift::ClusterSubnetGroup
AWS::Redshift::EventSubscription
AWS::RDS::DBInstance
AWS::RDS::DBSecurityGroup
AWS::RDS::DBSnapshot
AWS::RDS::DBSubnetGroup
AWS::RDS::EventSubscription
AWS::RDS::DBCluster
AWS::RDS::DBClusterSnapshot
AWS::Route53Resolver::ResolverEndpoint
AWS::Route53Resolver::ResolverRule
AWS::Route53Resolver::ResolverRuleAssociation
AWS::Route53::HostedZone
AWS::Route53::HealthCheck
AWS::SageMaker::CodeRepository
AWS::SageMaker::Model
AWS::SageMaker::NotebookInstance
AWS::SageMaker::NotebookInstanceLifecycleConfig
AWS::SageMaker::EndpointConfig
AWS::SES::ConfigurationSet
AWS::SNS::Topic
AWS::SQS::Queue
AWS::S3::Bucket
AWS::S3::AccountPublicAccessBlock
AWS::EC2::CustomerGateway
AWS::EC2::InternetGateway
AWS::EC2::NetworkAcl
AWS::EC2::RouteTable
AWS::EC2::Subnet
AWS::EC2::VPC
AWS::EC2::VPNConnection
AWS::EC2::VPNGateway
AWS::WorkSpaces::ConnectionAlias
AWS::WorkSpaces::Workspace
AWS::AutoScaling::AutoScalingGroup
AWS::AutoScaling::LaunchConfiguration
AWS::AutoScaling::ScalingPolicy
AWS::AutoScaling::ScheduledAction
AWS::Backup::BackupPlan
AWS::Backup::BackupSelection
AWS::Backup::BackupVault
AWS::Backup::RecoveryPoint
AWS::Backup::BackupPlan
AWS::Backup::BackupVault
AWS::Batch::JobQueue
AWS::Batch::ComputeEnvironment
AWS::ACM::Certificate
AWS::CloudFormation::Stack
AWS::CloudTrail::Trail
AWS::CodeBuild::Project
AWS::CodeDeploy::Application
AWS::CodeDeploy::DeploymentConfig
AWS::CodeDeploy::DeploymentGroup
AWS::CodePipeline::Pipeline
AWS::Config::ResourceCompliance
AWS::Config::ConformancePackCompliance
AWS::Config::ResourceCompliance
AWS::Config::ConformancePackCompliance
AWS::DMS::EventSubscription
AWS::DMS::ReplicationSubnetGroup
AWS::DMS::ReplicationInstance
AWS::DMS::ReplicationTask
AWS::DMS::Certificate
AWS::ElasticBeanstalk::Application
AWS::ElasticBeanstalk::ApplicationVersion
AWS::ElasticBeanstalk::Environment
AWS::GlobalAccelerator::Listener
AWS::GlobalAccelerator::EndpointGroup
AWS::GlobalAccelerator::Accelerator
AWS::Glue::Job
AWS::IAM::User
AWS::IAM::Group
AWS::IAM::Role
AWS::IAM::Policy
AWS::AccessAnalyzer::Analyzer
AWS::KMS::Key
AWS::KMS::Alias
AWS::Lambda::Function
AWS::NetworkFirewall::Firewall
AWS::NetworkFirewall::FirewallPolicy
AWS::NetworkFirewall::RuleGroup
AWS::SecretsManager::Secret
AWS::ServiceCatalog::CloudFormationProduct
AWS::ServiceCatalog::CloudFormationProvisionedProduct
AWS::ServiceCatalog::Portfolio
AWS::Shield::Protection
AWS::ShieldRegional::Protection
AWS::Shield::Protection
AWS::StepFunctions::Activity
AWS::StepFunctions::StateMachine
AWS::SSM::ManagedInstanceInventory
AWS::SSM::PatchCompliance
AWS::SSM::AssociationCompliance
AWS::SSM::FileData
AWS::WAF::RateBasedRule
AWS::WAF::Rule
AWS::WAF::WebACL
AWS::WAF::RuleGroup
AWS::WAFRegional::RateBasedRule
AWS::WAFRegional::Rule
AWS::WAFRegional::WebACL
AWS::WAFRegional::RuleGroup
AWS::WAFRegional::RateBasedRule
AWS::WAFRegional::RuleGroup
AWS::WAFv2::WebACL
AWS::WAFv2::RuleGroup
AWS::WAFv2::ManagedRuleSet
AWS::WAFv2::IPSet
AWS::WAFv2::RegexPatternSet
AWS::XRay::EncryptionConfig
AWS::ElasticLoadBalancingV2::LoadBalancer
AWS::ElasticLoadBalancingV2::Listener
AWS::ElasticLoadBalancing::LoadBalancer
AWS::ElasticLoadBalancingV2::LoadBalancer
